node.exe : ΓÜá Warning: 
Next.js inferred your 
workspace root, but it may 
not be correct.
At line:1 char:1
+ & "D:\/node.exe" "D:\/node_
modules/npm/bin/npx-cli.js" 
next build
+ ~~~~~~~~~~~~~~~~~~~~~~~~~~~
~~~~~~~~~~~~~~~~~~~~~~~~~~~~~
~~~~~~~~~
    + CategoryInfo           
   : NotSpecified: (ΓÜá War  
  ning: Ne...not be correc   
 t.:String) [], RemoteExc    
eption
    + FullyQualifiedErrorId  
   : NativeCommandError
 
 We detected multiple 
lockfiles and selected the 
directory of C:\Users\win\pac
kage-lock.json as the root 
directory.
 To silence this warning, 
set `turbopack.root` in your 
Next.js config, or consider 
removing one of the 
lockfiles if it's not needed.
   See https://nextjs.org/doc
s/app/api-reference/config/ne
xt-config-js/turbopack#root-d
irectory for more 
information.
 Detected additional 
lockfiles: 
   * C:\Users\win\Desktop\unc
le-makhana\unclemakhana\packa
ge-lock.json

Γû▓ Next.js 16.1.6 (Turbopack)

  Creating an optimized production build ...

> Build error occurred
Error: Turbopack build 
failed with 2 errors:
./Desktop/uncle-makhana/uncle
makhana/app/page.tsx:2:1
Export FiLeaf doesn't exist 
in target module
[0m [90m 1 |[39m 
[36mimport[39m { 
[33mMdEco[39m } 
[36mfrom[39m [32m'react-ic
ons/md'[39m[33m;[39m
[31m[1m>[22m[39m[90m 2 
|[39m [36mimport[39m { 
[33mFiStar[39m[33m,[39m 
[33mFiActivity[39m[33m,[39
m 
[33mFiLeaf[39m[33m,[39m 
[33mFiHeart[39m } 
[36mfrom[39m [32m'react-ic
ons/fi'[39m[33m;[39m
 [90m   |[39m [31m[1m^[2
2m[39m[31m[1m^[22m[39m[
31m[1m^[22m[39m[31m[1m^
[22m[39m[31m[1m^[22m[39m
[31m[1m^[22m[39m[31m[1m
^[22m[39m[31m[1m^[22m[3
9m[31m[1m^[22m[39m[31m[
1m^[22m[39m[31m[1m^[22m
[39m[31m[1m^[22m[39m[31m
[1m^[22m[39m[31m[1m^[22
m[39m[31m[1m^[22m[39m[3
1m[1m^[22m[39m[31m[1m^[
22m[39m[31m[1m^[22m[39m
[31m[1m^[22m[39m[31m[1m^
[22m[39m[31m[1m^[22m[39
m[31m[1m^[22m[39m[31m[1
m^[22m[39m[31m[1m^[22m[
39m[31m[1m^[22m[39m[31m
[1m^[22m[39m[31m[1m^[22m
[39m[31m[1m^[22m[39m[31
m[1m^[22m[39m[31m[1m^[2
2m[39m[31m[1m^[22m[39m[
31m[1m^[22m[39m[31m[1m^
[22m[39m[31m[1m^[22m[39m
[31m[1m^[22m[39m[31m[1m
^[22m[39m[31m[1m^[22m[3
9m[31m[1m^[22m[39m[31m[
1m^[22m[39m[31m[1m^[22m
[39m[31m[1m^[22m[39m[31m
[1m^[22m[39m[31m[1m^[22
m[39m[31m[1m^[22m[39m[3
1m[1m^[22m[39m[31m[1m^[
22m[39m[31m[1m^[22m[39m
[31m[1m^[22m[39m[31m[1m^
[22m[39m[31m[1m^[22m[39
m[31m[1m^[22m[39m[31m[1
m^[22m[39m[31m[1m^[22m[
39m[31m[1m^[22m[39m[31m
[1m^[22m[39m[31m[1m^[22m
[39m[31m[1m^[22m[39m[31
m[1m^[22m[39m[31m[1m^[2
2m[39m[31m[1m^[22m[39m[
31m[1m^[22m[39m[31m[1m^
[22m[39m[31m[1m^[22m[39m
[31m[1m^[22m[39m[31m[1m
^[22m[39m[31m[1m^[22m[3
9m[31m[1m^[22m[39m[31m[
1m^[22m[39m[31m[1m^[22m
[39m
 [90m 3 |[39m 
[36mimport[39m { 
[33mFaChild[39m[33m,[39m 
[33mFaBriefcase[39m[33m,[
39m [33mFaCoffee[39m } 
[36mfrom[39m [32m'react-ic
ons/fa'[39m[33m;[39m
 [90m 4 |[39m 
[36mimport[39m { [33mGiSal
tShaker[39m[33m,[39m [33m
GiChiliPepper[39m[33m,[39m
 [33mGiCheeseWedge[39m[33m
,[39m [33mGiMintLeaf[39m 
} [36mfrom[39m [32m'react-
icons/gi'[39m[33m;[39m
 [90m 5 |[39m[0m

The export FiLeaf was not 
found in module [project]/Des
ktop/uncle-makhana/unclemakha
na/node_modules/react-icons/f
i/index.mjs [app-rsc] 
(ecmascript).
Did you mean to import 
FiLoader?
All exports of the module 
are statically known (It 
doesn't have dynamic 
exports). So it's known 
statically that the 
requested export doesn't 
exist.


./Desktop/uncle-makhana/uncle
makhana/app/page.tsx:4:1
Export GiMintLeaf doesn't 
exist in target module
[0m [90m 2 |[39m 
[36mimport[39m { 
[33mFiStar[39m[33m,[39m 
[33mFiActivity[39m[33m,[39
m 
[33mFiLeaf[39m[33m,[39m 
[33mFiHeart[39m } 
[36mfrom[39m [32m'react-ic
ons/fi'[39m[33m;[39m
 [90m 3 |[39m 
[36mimport[39m { 
[33mFaChild[39m[33m,[39m 
[33mFaBriefcase[39m[33m,[
39m [33mFaCoffee[39m } 
[36mfrom[39m [32m'react-ic
ons/fa'[39m[33m;[39m
[31m[1m>[22m[39m[90m 4 
|[39m [36mimport[39m { [3
3mGiSaltShaker[39m[33m,[39
m [33mGiChiliPepper[39m[33
m,[39m [33mGiCheeseWedge[3
9m[33m,[39m 
[33mGiMintLeaf[39m } 
[36mfrom[39m [32m'react-ic
ons/gi'[39m[33m;[39m
 [90m   |[39m [31m[1m^[2
2m[39m[31m[1m^[22m[39m[
31m[1m^[22m[39m[31m[1m^
[22m[39m[31m[1m^[22m[39m
[31m[1m^[22m[39m[31m[1m
^[22m[39m[31m[1m^[22m[3
9m[31m[1m^[22m[39m[31m[
1m^[22m[39m[31m[1m^[22m
[39m[31m[1m^[22m[39m[31m
[1m^[22m[39m[31m[1m^[22
m[39m[31m[1m^[22m[39m[3
1m[1m^[22m[39m[31m[1m^[
22m[39m[31m[1m^[22m[39m
[31m[1m^[22m[39m[31m[1m^
[22m[39m[31m[1m^[22m[39
m[31m[1m^[22m[39m[31m[1
m^[22m[39m[31m[1m^[22m[
39m[31m[1m^[22m[39m[31m
[1m^[22m[39m[31m[1m^[22m
[39m[31m[1m^[22m[39m[31
m[1m^[22m[39m[31m[1m^[2
2m[39m[31m[1m^[22m[39m[
31m[1m^[22m[39m[31m[1m^
[22m[39m[31m[1m^[22m[39m
[31m[1m^[22m[39m[31m[1m
^[22m[39m[31m[1m^[22m[3
9m[31m[1m^[22m[39m[31m[
1m^[22m[39m[31m[1m^[22m
[39m[31m[1m^[22m[39m[31m
[1m^[22m[39m[31m[1m^[22
m[39m[31m[1m^[22m[39m[3
1m[1m^[22m[39m[31m[1m^[
22m[39m[31m[1m^[22m[39m
[31m[1m^[22m[39m[31m[1m^
[22m[39m[31m[1m^[22m[39
m[31m[1m^[22m[39m[31m[1
m^[22m[39m[31m[1m^[22m[
39m[31m[1m^[22m[39m[31m
[1m^[22m[39m[31m[1m^[22m
[39m[31m[1m^[22m[39m[31
m[1m^[22m[39m[31m[1m^[2
2m[39m[31m[1m^[22m[39m[
31m[1m^[22m[39m[31m[1m^
[22m[39m[31m[1m^[22m[39m
[31m[1m^[22m[39m[31m[1m
^[22m[39m[31m[1m^[22m[3
9m[31m[1m^[22m[39m[31m[
1m^[22m[39m[31m[1m^[22m
[39m[31m[1m^[22m[39m[31m
[1m^[22m[39m[31m[1m^[22
m[39m[31m[1m^[22m[39m[3
1m[1m^[22m[39m[31m[1m^[
22m[39m[31m[1m^[22m[39m
[31m[1m^[22m[39m[31m[1m^
[22m[39m[31m[1m^[22m[39
m[31m[1m^[22m[39m[31m[1
m^[22m[39m[31m[1m^[22m[
39m[31m[1m^[22m[39m[31m
[1m^[22m[39m[31m[1m^[22m
[39m[31m[1m^[22m[39m[31
m[1m^[22m[39m[31m[1m^[2
2m[39m
 [90m 5 |[39m
 [90m 6 |[39m 
[36mexport[39m 
[36mdefault[39m 
[36mfunction[39m 
[33mHome[39m() {
 [90m 7 |[39m   
[36mreturn[39m ([0m

The export GiMintLeaf was 
not found in module [project]
/Desktop/uncle-makhana/unclem
akhana/node_modules/react-ico
ns/gi/index.mjs [app-rsc] 
(ecmascript).
Did you mean to import 
GiMite?
All exports of the module 
are statically known (It 
doesn't have dynamic 
exports). So it's known 
statically that the 
requested export doesn't 
exist.


    at <unknown> (./Desktop/u
ncle-makhana/unclemakhana/app
/page.tsx:2:1)
    at <unknown> (./Desktop/u
ncle-makhana/unclemakhana/app
/page.tsx:4:1)
